entity_update_statistics:
  - entity_name: "com.example.model.entity.Employee1"
    entity_id: 1
    update_count: 10

